--- adb starting (pid 14956) ---
03-12 09:39:01.024 14956 11848 I adb     : main.cpp:63 Android Debug Bridge version 1.0.41
03-12 09:39:01.024 14956 11848 I adb     : main.cpp:63 Version 35.0.2-12147458
03-12 09:39:01.024 14956 11848 I adb     : main.cpp:63 Installed as C:\androidSDK\platform-tools\adb.exe
03-12 09:39:01.024 14956 11848 I adb     : main.cpp:63 Running on Windows 10.0.26100
03-12 09:39:01.024 14956 11848 I adb     : main.cpp:63 
03-12 09:39:01.033 14956 11848 I adb     : auth.cpp:416 adb_auth_init...
03-12 09:39:01.097 14956 11848 I adb     : auth.cpp:152 loaded new key from 'C:\Users\Айпери\.android\adbkey' with fingerprint 0780D48D8FCBA8471DB64842CA5D29D7CC7D8602C6AAB79E06DE56F7881B2618
03-12 09:39:01.128 14956 11848 I adb     : udp_socket.cpp:170 AdbUdpSocket fd=2052
03-12 09:39:01.128 14956 11848 I adb     : udp_socket.cpp:170 AdbUdpSocket fd=2053
03-12 09:39:01.128 14956 11848 I adb     : udp_socket.cpp:274 SetMulticastOutboundInterface for index=15
03-12 09:39:01.128 14956 11848 I adb     : udp_socket.cpp:533 bind endpoint=0.0.0.0:5353
03-12 09:39:01.128 14956 11848 I adb     : udp_socket.cpp:274 SetMulticastOutboundInterface for index=15
03-12 09:39:01.130 14956 11848 I adb     : udp_socket.cpp:558 bind endpoint=[0000:0000:0000:0000:0000:0000:0000:0000]:5353 scope_id=0
03-12 09:39:01.130 14956 11848 I adb     : udp_socket.cpp:170 AdbUdpSocket fd=2054
03-12 09:39:01.130 14956 11848 I adb     : udp_socket.cpp:170 AdbUdpSocket fd=2055
03-12 09:39:01.130 14956 11848 I adb     : udp_socket.cpp:274 SetMulticastOutboundInterface for index=13
03-12 09:39:01.131 14956 11848 I adb     : udp_socket.cpp:533 bind endpoint=0.0.0.0:5353
03-12 09:39:01.131 14956 11848 I adb     : udp_socket.cpp:274 SetMulticastOutboundInterface for index=13
03-12 09:39:01.131 14956 11848 I adb     : udp_socket.cpp:558 bind endpoint=[0000:0000:0000:0000:0000:0000:0000:0000]:5353 scope_id=0
